// Vitest Snapshot v1, https://vitest.dev/guide/snapshot.html

exports[`ProductGrid > snapshots > renders product grid correctly 1`] = `
<div
  class="grid gap-6"
  style="grid-template-columns: repeat(auto-fill, minmax(250px, 1fr));"
>
  <div
    class="flex flex-col overflow-hidden h-auto text-foreground box-border bg-content1 outline-hidden data-[focus-visible=true]:z-10 data-[focus-visible=true]:outline-2 data-[focus-visible=true]:outline-focus data-[focus-visible=true]:outline-offset-2 shadow-medium rounded-large transition-transform-background motion-reduce:transition-none relative"
    tabindex="-1"
  >
    <a
      href="/product/1"
    >
      <div
        class="relative "
      >
        <img
          alt="Gaming Laptop"
          class="relative z-10 shadow-black/5 data-[loaded=true]:opacity-100 shadow-none opacity-0 motion-reduce:transition-none !duration-300 rounded-large w-full h-60 object-cover cursor-pointer transition-transform hover:scale-[1.03]"
          src="/laptop.jpg"
        />
      </div>
    </a>
    <div
      class="p-4 space-y-3"
    >
      <a
        href="/product/1"
      >
        <h3
          class="font-semibold text-lg hover:text-primary transition-colors "
        >
          Gaming Laptop
        </h3>
      </a>
      <div
        class="flex items-center justify-between"
      >
        <p
          class="font-medium text-default-600"
        >
          $
          999.99
        </p>
        <p
          class="text-xs text-default-500"
        >
          Electronics
        </p>
      </div>
      <button
        class="z-0 group relative inline-flex items-center justify-center box-border appearance-none select-none whitespace-nowrap font-normal subpixel-antialiased overflow-hidden tap-highlight-transparent transform-gpu data-[pressed=true]:scale-[0.97] cursor-pointer outline-hidden data-[focus-visible=true]:z-10 data-[focus-visible=true]:outline-2 data-[focus-visible=true]:outline-focus data-[focus-visible=true]:outline-offset-2 px-3 min-w-16 h-8 text-tiny gap-2 rounded-small [&>svg]:max-w-[theme(spacing.8)] transition-transform-colors-opacity motion-reduce:transition-none bg-primary/20 text-primary-600 data-[hover=true]:opacity-hover w-full"
        data-react-aria-pressable="true"
        tabindex="0"
        type="button"
      >
        Add to Cart
      </button>
    </div>
  </div>
  <div
    class="flex flex-col overflow-hidden h-auto text-foreground box-border bg-content1 outline-hidden data-[focus-visible=true]:z-10 data-[focus-visible=true]:outline-2 data-[focus-visible=true]:outline-focus data-[focus-visible=true]:outline-offset-2 shadow-medium rounded-large transition-transform-background motion-reduce:transition-none relative"
    tabindex="-1"
  >
    <a
      href="/product/2"
    >
      <div
        class="relative "
      >
        <img
          alt="Cotton T-Shirt"
          class="relative z-10 shadow-black/5 data-[loaded=true]:opacity-100 shadow-none opacity-0 motion-reduce:transition-none !duration-300 rounded-large w-full h-60 object-cover cursor-pointer transition-transform hover:scale-[1.03]"
          src="/tshirt.jpg"
        />
      </div>
    </a>
    <div
      class="p-4 space-y-3"
    >
      <a
        href="/product/2"
      >
        <h3
          class="font-semibold text-lg hover:text-primary transition-colors "
        >
          Cotton T-Shirt
        </h3>
      </a>
      <div
        class="flex items-center justify-between"
      >
        <p
          class="font-medium text-default-600"
        >
          $
          29.99
        </p>
        <p
          class="text-xs text-default-500"
        >
          Clothing
        </p>
      </div>
      <button
        class="z-0 group relative inline-flex items-center justify-center box-border appearance-none select-none whitespace-nowrap font-normal subpixel-antialiased overflow-hidden tap-highlight-transparent transform-gpu data-[pressed=true]:scale-[0.97] cursor-pointer outline-hidden data-[focus-visible=true]:z-10 data-[focus-visible=true]:outline-2 data-[focus-visible=true]:outline-focus data-[focus-visible=true]:outline-offset-2 px-3 min-w-16 h-8 text-tiny gap-2 rounded-small [&>svg]:max-w-[theme(spacing.8)] transition-transform-colors-opacity motion-reduce:transition-none bg-primary/20 text-primary-600 data-[hover=true]:opacity-hover w-full"
        data-react-aria-pressable="true"
        tabindex="0"
        type="button"
      >
        Add to Cart
      </button>
    </div>
  </div>
  <div
    class="flex flex-col overflow-hidden h-auto text-foreground box-border bg-content1 outline-hidden data-[focus-visible=true]:z-10 data-[focus-visible=true]:outline-2 data-[focus-visible=true]:outline-focus data-[focus-visible=true]:outline-offset-2 shadow-medium rounded-large transition-transform-background motion-reduce:transition-none relative"
    tabindex="-1"
  >
    <div
      class="relative inline-flex shrink-0"
    >
      <span />
      <span
        class="flex flex-wrap absolute box-border rounded-full whitespace-nowrap place-content-center origin-center items-center select-none font-regular scale-100 opacity-100 subpixel-antialiased data-[invisible=true]:scale-0 data-[invisible=true]:opacity-0 px-1 text-small transition-transform-opacity !ease-soft-spring !duration-300 border-2 border-background bg-danger text-danger-foreground top-[5%] right-[5%] translate-x-1/2 -translate-y-1/2 z-10 m-2 cursor-pointer"
      >
        SALE
      </span>
    </div>
    <div
      class="max-w-fit min-w-min inline-flex items-center justify-between box-border whitespace-nowrap px-1 h-6 text-tiny rounded-full bg-danger/20 text-danger-600 dark:text-danger-500 absolute top-2 left-2 z-10"
    >
      <span
        class="flex-1 text-inherit font-normal px-1"
      >
        Unavailable
      </span>
    </div>
    <a
      href="/product/3"
    >
      <div
        class="relative opacity-75"
      >
        <img
          alt="Running Shoes"
          class="relative z-10 shadow-black/5 data-[loaded=true]:opacity-100 shadow-none opacity-0 motion-reduce:transition-none !duration-300 rounded-large w-full h-60 object-cover cursor-pointer transition-transform hover:scale-[1.03]"
          src="/shoes.jpg"
        />
        <div
          class="absolute inset-0 bg-black bg-opacity-30 flex items-center justify-center"
        >
          <span />
        </div>
      </div>
    </a>
    <div
      class="p-4 space-y-3"
    >
      <a
        href="/product/3"
      >
        <h3
          class="font-semibold text-lg hover:text-primary transition-colors text-default-400"
        >
          Running Shoes
        </h3>
      </a>
      <div
        class="flex items-center justify-between"
      >
        <p
          class="font-medium text-default-400"
        >
          $
          79.99
        </p>
        <p
          class="text-xs text-default-500"
        >
          Footwear
        </p>
      </div>
      <button
        class="z-0 group relative inline-flex items-center justify-center box-border appearance-none select-none whitespace-nowrap font-normal subpixel-antialiased overflow-hidden tap-highlight-transparent transform-gpu data-[pressed=true]:scale-[0.97] outline-hidden data-[focus-visible=true]:z-10 data-[focus-visible=true]:outline-2 data-[focus-visible=true]:outline-focus data-[focus-visible=true]:outline-offset-2 px-3 min-w-16 h-8 text-tiny gap-2 rounded-small pointer-events-none [&>svg]:max-w-[theme(spacing.8)] transition-transform-colors-opacity motion-reduce:transition-none bg-primary/20 text-primary-600 data-[hover=true]:opacity-hover w-full opacity-50 cursor-not-allowed"
        data-disabled="true"
        data-react-aria-pressable="true"
        disabled=""
        type="button"
      >
        Unavailable
      </button>
    </div>
  </div>
</div>
`;

exports[`ProductGrid > snapshots > renders with empty products array 1`] = `
<div
  class="grid gap-6"
  style="grid-template-columns: repeat(auto-fill, minmax(250px, 1fr));"
/>
`;

exports[`ProductGrid > snapshots > renders with mix of available and unavailable products 1`] = `
<div
  class="grid gap-6"
  style="grid-template-columns: repeat(auto-fill, minmax(250px, 1fr));"
>
  <div
    class="flex flex-col overflow-hidden h-auto text-foreground box-border bg-content1 outline-hidden data-[focus-visible=true]:z-10 data-[focus-visible=true]:outline-2 data-[focus-visible=true]:outline-focus data-[focus-visible=true]:outline-offset-2 shadow-medium rounded-large transition-transform-background motion-reduce:transition-none relative"
    tabindex="-1"
  >
    <a
      href="/product/1"
    >
      <div
        class="relative "
      >
        <img
          alt="Gaming Laptop"
          class="relative z-10 shadow-black/5 data-[loaded=true]:opacity-100 shadow-none opacity-0 motion-reduce:transition-none !duration-300 rounded-large w-full h-60 object-cover cursor-pointer transition-transform hover:scale-[1.03]"
          src="/laptop.jpg"
        />
      </div>
    </a>
    <div
      class="p-4 space-y-3"
    >
      <a
        href="/product/1"
      >
        <h3
          class="font-semibold text-lg hover:text-primary transition-colors "
        >
          Gaming Laptop
        </h3>
      </a>
      <div
        class="flex items-center justify-between"
      >
        <p
          class="font-medium text-default-600"
        >
          $
          999.99
        </p>
        <p
          class="text-xs text-default-500"
        >
          Electronics
        </p>
      </div>
      <button
        class="z-0 group relative inline-flex items-center justify-center box-border appearance-none select-none whitespace-nowrap font-normal subpixel-antialiased overflow-hidden tap-highlight-transparent transform-gpu data-[pressed=true]:scale-[0.97] cursor-pointer outline-hidden data-[focus-visible=true]:z-10 data-[focus-visible=true]:outline-2 data-[focus-visible=true]:outline-focus data-[focus-visible=true]:outline-offset-2 px-3 min-w-16 h-8 text-tiny gap-2 rounded-small [&>svg]:max-w-[theme(spacing.8)] transition-transform-colors-opacity motion-reduce:transition-none bg-primary/20 text-primary-600 data-[hover=true]:opacity-hover w-full"
        data-react-aria-pressable="true"
        tabindex="0"
        type="button"
      >
        Add to Cart
      </button>
    </div>
  </div>
  <div
    class="flex flex-col overflow-hidden h-auto text-foreground box-border bg-content1 outline-hidden data-[focus-visible=true]:z-10 data-[focus-visible=true]:outline-2 data-[focus-visible=true]:outline-focus data-[focus-visible=true]:outline-offset-2 shadow-medium rounded-large transition-transform-background motion-reduce:transition-none relative"
    tabindex="-1"
  >
    <a
      href="/product/2"
    >
      <div
        class="relative "
      >
        <img
          alt="Cotton T-Shirt"
          class="relative z-10 shadow-black/5 data-[loaded=true]:opacity-100 shadow-none opacity-0 motion-reduce:transition-none !duration-300 rounded-large w-full h-60 object-cover cursor-pointer transition-transform hover:scale-[1.03]"
          src="/tshirt.jpg"
        />
      </div>
    </a>
    <div
      class="p-4 space-y-3"
    >
      <a
        href="/product/2"
      >
        <h3
          class="font-semibold text-lg hover:text-primary transition-colors "
        >
          Cotton T-Shirt
        </h3>
      </a>
      <div
        class="flex items-center justify-between"
      >
        <p
          class="font-medium text-default-600"
        >
          $
          29.99
        </p>
        <p
          class="text-xs text-default-500"
        >
          Clothing
        </p>
      </div>
      <button
        class="z-0 group relative inline-flex items-center justify-center box-border appearance-none select-none whitespace-nowrap font-normal subpixel-antialiased overflow-hidden tap-highlight-transparent transform-gpu data-[pressed=true]:scale-[0.97] cursor-pointer outline-hidden data-[focus-visible=true]:z-10 data-[focus-visible=true]:outline-2 data-[focus-visible=true]:outline-focus data-[focus-visible=true]:outline-offset-2 px-3 min-w-16 h-8 text-tiny gap-2 rounded-small [&>svg]:max-w-[theme(spacing.8)] transition-transform-colors-opacity motion-reduce:transition-none bg-primary/20 text-primary-600 data-[hover=true]:opacity-hover w-full"
        data-react-aria-pressable="true"
        tabindex="0"
        type="button"
      >
        Add to Cart
      </button>
    </div>
  </div>
  <div
    class="flex flex-col overflow-hidden h-auto text-foreground box-border bg-content1 outline-hidden data-[focus-visible=true]:z-10 data-[focus-visible=true]:outline-2 data-[focus-visible=true]:outline-focus data-[focus-visible=true]:outline-offset-2 shadow-medium rounded-large transition-transform-background motion-reduce:transition-none relative"
    tabindex="-1"
  >
    <div
      class="relative inline-flex shrink-0"
    >
      <span />
      <span
        class="flex flex-wrap absolute box-border rounded-full whitespace-nowrap place-content-center origin-center items-center select-none font-regular scale-100 opacity-100 subpixel-antialiased data-[invisible=true]:scale-0 data-[invisible=true]:opacity-0 px-1 text-small transition-transform-opacity !ease-soft-spring !duration-300 border-2 border-background bg-danger text-danger-foreground top-[5%] right-[5%] translate-x-1/2 -translate-y-1/2 z-10 m-2 cursor-pointer"
      >
        SALE
      </span>
    </div>
    <div
      class="max-w-fit min-w-min inline-flex items-center justify-between box-border whitespace-nowrap px-1 h-6 text-tiny rounded-full bg-danger/20 text-danger-600 dark:text-danger-500 absolute top-2 left-2 z-10"
    >
      <span
        class="flex-1 text-inherit font-normal px-1"
      >
        Unavailable
      </span>
    </div>
    <a
      href="/product/3"
    >
      <div
        class="relative opacity-75"
      >
        <img
          alt="Running Shoes"
          class="relative z-10 shadow-black/5 data-[loaded=true]:opacity-100 shadow-none opacity-0 motion-reduce:transition-none !duration-300 rounded-large w-full h-60 object-cover cursor-pointer transition-transform hover:scale-[1.03]"
          src="/shoes.jpg"
        />
        <div
          class="absolute inset-0 bg-black bg-opacity-30 flex items-center justify-center"
        >
          <span />
        </div>
      </div>
    </a>
    <div
      class="p-4 space-y-3"
    >
      <a
        href="/product/3"
      >
        <h3
          class="font-semibold text-lg hover:text-primary transition-colors text-default-400"
        >
          Running Shoes
        </h3>
      </a>
      <div
        class="flex items-center justify-between"
      >
        <p
          class="font-medium text-default-400"
        >
          $
          79.99
        </p>
        <p
          class="text-xs text-default-500"
        >
          Footwear
        </p>
      </div>
      <button
        class="z-0 group relative inline-flex items-center justify-center box-border appearance-none select-none whitespace-nowrap font-normal subpixel-antialiased overflow-hidden tap-highlight-transparent transform-gpu data-[pressed=true]:scale-[0.97] outline-hidden data-[focus-visible=true]:z-10 data-[focus-visible=true]:outline-2 data-[focus-visible=true]:outline-focus data-[focus-visible=true]:outline-offset-2 px-3 min-w-16 h-8 text-tiny gap-2 rounded-small pointer-events-none [&>svg]:max-w-[theme(spacing.8)] transition-transform-colors-opacity motion-reduce:transition-none bg-primary/20 text-primary-600 data-[hover=true]:opacity-hover w-full opacity-50 cursor-not-allowed"
        data-disabled="true"
        data-react-aria-pressable="true"
        disabled=""
        type="button"
      >
        Unavailable
      </button>
    </div>
  </div>
</div>
`;
